[2025-11-22 13:54:04] Starting enhanced continuous training worker with learning mode and batch analysis
[2025-11-22 13:55:07] Training worker stopped
[2025-11-24 12:13:06][main][initialize_structure]: Directory structure initialized
[2025-11-24 12:13:06][main][main]: MenuController created
[2025-11-24 12:13:23][menu][run]: User interrupted menu
[2025-11-24 12:15:25][main][initialize_structure]: Directory structure initialized
[2025-11-24 12:15:25][main][main]: MenuController created
[2025-11-24 12:27:14][main][initialize_structure]: Directory structure initialized
[2025-11-24 12:27:14][main][main]: MenuController created
[2025-11-24 12:27:54][menu][run]: User interrupted menu
[2025-11-24 12:53:32][main][initialize_structure]: Directory structure initialized
[2025-11-24 12:53:32][main][main]: MenuController created
[2025-11-24 13:57:56][main][initialize_structure]: Directory structure initialized
[2025-11-24 13:57:56][main][main]: MenuController created
[2025-11-24 14:06:17][main][initialize_structure]: Directory structure initialized
[2025-11-24 14:06:17][main][main]: MenuController created
[2025-11-24 14:17:52][main][initialize_structure]: Directory structure initialized
[2025-11-24 14:17:52][main][main]: MenuController created
[2025-11-24 14:22:23][main][initialize_structure]: Directory structure initialized
[2025-11-24 14:22:23][main][main]: MenuController created
[2025-11-24 14:23:10][menu][run]: User interrupted menu
[2025-11-24 14:44:34][main][initialize_structure]: Directory structure initialized
[2025-11-24 14:44:34][main][main]: MenuController created
[2025-11-24 14:46:22][menu][run]: User interrupted menu
[2025-11-24 14:57:42][main][initialize_structure]: Directory structure initialized
[2025-11-24 14:57:42][main][main]: MenuController created
[2025-11-24 20:51:28][main][initialize_structure]: Directory structure initialized
[2025-11-24 20:51:28][main][main]: MenuController created
[2025-11-24 20:54:21][menu][run]: User interrupted menu
[2025-11-24 20:59:55][main][initialize_structure]: Directory structure initialized
[2025-11-24 20:59:55][main][main]: MenuController created
[2025-11-24 21:00:27][main][initialize_structure]: Directory structure initialized
[2025-11-24 21:00:27][main][main]: MenuController created
[2025-11-24 21:07:53][main][initialize_structure]: Directory structure initialized
[2025-11-24 21:07:53][main][main]: MenuController created
[2025-11-24 21:09:43][main][initialize_structure]: Directory structure initialized
[2025-11-24 21:09:43][main][main]: MenuController created
[2025-11-24 21:58:18][main][initialize_structure]: Directory structure initialized
[2025-11-24 21:58:18][main][main]: MenuController created
[2025-11-24 22:02:30][main][initialize_structure]: Directory structure initialized
[2025-11-24 22:02:30][main][main]: MenuController created
